Creating startup widgets to demonstrate the Two Paths to Simplicity...

1. Creating widgets using 'By Type' path (registry-based):
Creating widget using 'By Type' path: test_widget
Created widget container: <JCDock.widgets.dock_container.DockContainer(0x18cba9d7080, name="DockContainer") at 0x0000018CBBDA25C0>
Creating widget using 'By Type' path: tab_widget_1
Created widget container: <JCDock.widgets.dock_container.DockContainer(0x18cbaa85680, name="DockContainer") at 0x0000018CBBDB6300>

2. Creating widgets using 'By Instance' path (existing instances):
Creating widget using 'By Instance' path: tab_widget_2
Made widget instance dockable: <JCDock.widgets.dock_container.DockContainer(0x18cba9952d0, name="DockContainer") at 0x0000018CBBDBF740>

Startup complete! Created 3 widgets using the new simplified APIs.
Use the 'Widgets' menu to create more widgets and test both API paths.
